{
  "Entries": [
    {
      "RequestUri": "https://chrisstablesprim.table.core.windows.net/Tables?$format=application%2Fjson%3Bodata%3Dminimalmetadata",
      "RequestMethod": "POST",
      "RequestHeaders": {
        "Accept": "application/json; odata=minimalmetadata",
        "Authorization": "Sanitized",
        "Content-Length": "33",
        "Content-Type": "application/json; odata=nometadata",
        "DataServiceVersion": "3.0",
        "traceparent": "00-4c747aa2f167ba459cc6347ed2e14383-a4cca9189bca734b-00",
        "User-Agent": [
          "azsdk-net-Data.Tables/12.0.0-alpha.20210602.1",
          "(.NET 5.0.6; Microsoft Windows 10.0.19043)"
        ],
        "x-ms-client-request-id": "b72e12c3559dadf82f316ef5a23d73d2",
        "x-ms-date": "Wed, 02 Jun 2021 19:09:51 GMT",
        "x-ms-return-client-request-id": "true",
        "x-ms-version": "2019-02-02"
      },
      "RequestBody": {
        "TableName": "testtablert9ppal1"
      },
      "StatusCode": 201,
      "ResponseHeaders": {
        "Cache-Control": "no-cache",
        "Content-Type": "application/json; odata=minimalmetadata; streaming=true; charset=utf-8",
        "Date": "Wed, 02 Jun 2021 19:09:50 GMT",
        "Location": "https://chrisstablesprim.table.core.windows.net/Tables(\u0027testtablert9ppal1\u0027)",
        "Server": [
          "Windows-Azure-Table/1.0",
          "Microsoft-HTTPAPI/2.0"
        ],
        "Transfer-Encoding": "chunked",
        "X-Content-Type-Options": "nosniff",
        "x-ms-client-request-id": "b72e12c3559dadf82f316ef5a23d73d2",
        "x-ms-request-id": "b33a4c06-7002-0046-19e2-570093000000",
        "x-ms-version": "2019-02-02"
      },
      "ResponseBody": {
        "odata.metadata": "https://chrisstablesprim.table.core.windows.net/$metadata#Tables/@Element",
        "TableName": "testtablert9ppal1"
      }
    },
    {
      "RequestUri": "https://chrisstablesprim.table.core.windows.net/testtablert9ppal1?$format=application%2Fjson%3Bodata%3Dminimalmetadata",
      "RequestMethod": "POST",
      "RequestHeaders": {
        "Accept": "application/json; odata=minimalmetadata",
        "Authorization": "Sanitized",
        "Content-Length": "64",
        "Content-Type": "application/json; odata=nometadata",
        "DataServiceVersion": "3.0",
        "Prefer": "return-no-content",
        "traceparent": "00-42592a838192e44c9cb339f8935805c6-a47a32fdff0ed74d-00",
        "User-Agent": [
          "azsdk-net-Data.Tables/12.0.0-alpha.20210602.1",
          "(.NET 5.0.6; Microsoft Windows 10.0.19043)"
        ],
        "x-ms-client-request-id": "2f27fa8aa8949df983796d22872b25fe",
        "x-ms-date": "Wed, 02 Jun 2021 19:09:51 GMT",
        "x-ms-return-client-request-id": "true",
        "x-ms-version": "2019-02-02"
      },
      "RequestBody": {
        "PropertyRename": "foo",
        "PartitionKey": "partition",
        "RowKey": "1"
      },
      "StatusCode": 204,
      "ResponseHeaders": {
        "Cache-Control": "no-cache",
        "Content-Length": "0",
        "DataServiceId": "https://chrisstablesprim.table.core.windows.net/testtablert9ppal1(PartitionKey=\u0027partition\u0027,RowKey=\u00271\u0027)",
        "Date": "Wed, 02 Jun 2021 19:09:50 GMT",
        "ETag": "W/\u0022datetime\u00272021-06-02T19%3A09%3A51.2492695Z\u0027\u0022",
        "Location": "https://chrisstablesprim.table.core.windows.net/testtablert9ppal1(PartitionKey=\u0027partition\u0027,RowKey=\u00271\u0027)",
        "Preference-Applied": "return-no-content",
        "Server": [
          "Windows-Azure-Table/1.0",
          "Microsoft-HTTPAPI/2.0"
        ],
        "X-Content-Type-Options": "nosniff",
        "x-ms-client-request-id": "2f27fa8aa8949df983796d22872b25fe",
        "x-ms-request-id": "b33a4c10-7002-0046-22e2-570093000000",
        "x-ms-version": "2019-02-02"
      },
      "ResponseBody": []
    },
    {
      "RequestUri": "https://chrisstablesprim.table.core.windows.net/testtablert9ppal1()?$format=application%2Fjson%3Bodata%3Dminimalmetadata",
      "RequestMethod": "GET",
      "RequestHeaders": {
        "Accept": "application/json; odata=minimalmetadata",
        "Authorization": "Sanitized",
        "DataServiceVersion": "3.0",
        "traceparent": "00-aabdb1f2b3106749a1bae7815c360f27-5e96d57c6b1f374a-00",
        "User-Agent": [
          "azsdk-net-Data.Tables/12.0.0-alpha.20210602.1",
          "(.NET 5.0.6; Microsoft Windows 10.0.19043)"
        ],
        "x-ms-client-request-id": "24d9ddb466cc107790c7a3c635e2fe34",
        "x-ms-date": "Wed, 02 Jun 2021 19:09:51 GMT",
        "x-ms-return-client-request-id": "true",
        "x-ms-version": "2019-02-02"
      },
      "RequestBody": null,
      "StatusCode": 200,
      "ResponseHeaders": {
        "Cache-Control": "no-cache",
        "Content-Type": "application/json; odata=minimalmetadata; streaming=true; charset=utf-8",
        "Date": "Wed, 02 Jun 2021 19:09:50 GMT",
        "Server": [
          "Windows-Azure-Table/1.0",
          "Microsoft-HTTPAPI/2.0"
        ],
        "Transfer-Encoding": "chunked",
        "X-Content-Type-Options": "nosniff",
        "x-ms-client-request-id": "24d9ddb466cc107790c7a3c635e2fe34",
        "x-ms-request-id": "b33a4c16-7002-0046-27e2-570093000000",
        "x-ms-version": "2019-02-02"
      },
      "ResponseBody": {
        "odata.metadata": "https://chrisstablesprim.table.core.windows.net/$metadata#testtablert9ppal1",
        "value": [
          {
            "odata.etag": "W/\u0022datetime\u00272021-06-02T19%3A09%3A51.2492695Z\u0027\u0022",
            "PartitionKey": "partition",
            "RowKey": "1",
            "Timestamp": "2021-06-02T19:09:51.2492695Z",
            "PropertyRename": "foo"
          }
        ]
      }
    },
    {
      "RequestUri": "https://chrisstablesprim.table.core.windows.net/Tables(\u0027testtablert9ppal1\u0027)",
      "RequestMethod": "DELETE",
      "RequestHeaders": {
        "Accept": "application/json",
        "Authorization": "Sanitized",
        "traceparent": "00-fc8b7d463b7093408fa172004964a4fa-67265731eee9054f-00",
        "User-Agent": [
          "azsdk-net-Data.Tables/12.0.0-alpha.20210602.1",
          "(.NET 5.0.6; Microsoft Windows 10.0.19043)"
        ],
        "x-ms-client-request-id": "fc06a07724581bea19903424e7d52603",
        "x-ms-date": "Wed, 02 Jun 2021 19:09:51 GMT",
        "x-ms-return-client-request-id": "true",
        "x-ms-version": "2019-02-02"
      },
      "RequestBody": null,
      "StatusCode": 204,
      "ResponseHeaders": {
        "Cache-Control": "no-cache",
        "Content-Length": "0",
        "Date": "Wed, 02 Jun 2021 19:09:51 GMT",
        "Server": [
          "Windows-Azure-Table/1.0",
          "Microsoft-HTTPAPI/2.0"
        ],
        "X-Content-Type-Options": "nosniff",
        "x-ms-client-request-id": "fc06a07724581bea19903424e7d52603",
        "x-ms-request-id": "b33a4c22-7002-0046-33e2-570093000000",
        "x-ms-version": "2019-02-02"
      },
      "ResponseBody": []
    }
  ],
  "Variables": {
    "RandomSeed": "1423706843",
    "STORAGE_ENDPOINT_SUFFIX": "core.windows.net",
    "TABLES_PRIMARY_STORAGE_ACCOUNT_KEY": "Kg==",
    "TABLES_STORAGE_ACCOUNT_NAME": "chrisstablesprim"
  }
}