{
  "Entries": [
    {
      "RequestUri": "https://chrisstablesprim.table.core.windows.net/Tables?$format=application%2Fjson%3Bodata%3Dminimalmetadata",
      "RequestMethod": "POST",
      "RequestHeaders": {
        "Accept": "application/json; odata=minimalmetadata",
        "Authorization": "Sanitized",
        "Content-Length": "33",
        "Content-Type": "application/json; odata=nometadata",
        "DataServiceVersion": "3.0",
        "traceparent": "00-1b5ca5f1b1c34a448cef9f5fb98268a9-3a23346ac0cfb741-00",
        "User-Agent": [
          "azsdk-net-Data.Tables/12.0.0-alpha.20210602.1",
          "(.NET 5.0.6; Microsoft Windows 10.0.19043)"
        ],
        "x-ms-client-request-id": "d091738631341b35642f08f5cf960a78",
        "x-ms-date": "Wed, 02 Jun 2021 20:30:17 GMT",
        "x-ms-return-client-request-id": "true",
        "x-ms-version": "2019-02-02"
      },
      "RequestBody": {
        "TableName": "testtableunqjz846"
      },
      "StatusCode": 201,
      "ResponseHeaders": {
        "Cache-Control": "no-cache",
        "Content-Type": "application/json; odata=minimalmetadata; streaming=true; charset=utf-8",
        "Date": "Wed, 02 Jun 2021 20:30:17 GMT",
        "Location": "https://chrisstablesprim.table.core.windows.net/Tables(\u0027testtableunqjz846\u0027)",
        "Server": [
          "Windows-Azure-Table/1.0",
          "Microsoft-HTTPAPI/2.0"
        ],
        "Transfer-Encoding": "chunked",
        "X-Content-Type-Options": "nosniff",
        "x-ms-client-request-id": "d091738631341b35642f08f5cf960a78",
        "x-ms-request-id": "3ec2914c-9002-0003-33ee-57d570000000",
        "x-ms-version": "2019-02-02"
      },
      "ResponseBody": {
        "odata.metadata": "https://chrisstablesprim.table.core.windows.net/$metadata#Tables/@Element",
        "TableName": "testtableunqjz846"
      }
    },
    {
      "RequestUri": "https://chrisstablesprim.table.core.windows.net/testtableunqjz846?$format=application%2Fjson%3Bodata%3Dminimalmetadata",
      "RequestMethod": "POST",
      "RequestHeaders": {
        "Accept": "application/json; odata=minimalmetadata",
        "Authorization": "Sanitized",
        "Content-Length": "108",
        "Content-Type": "application/json; odata=nometadata",
        "DataServiceVersion": "3.0",
        "Prefer": "return-no-content",
        "traceparent": "00-35bce32c1225934d81f2c89001e8b514-9a8346f5ef959644-00",
        "User-Agent": [
          "azsdk-net-Data.Tables/12.0.0-alpha.20210602.1",
          "(.NET 5.0.6; Microsoft Windows 10.0.19043)"
        ],
        "x-ms-client-request-id": "b274b0b37feebda9fd8d3f8d3f0231ec",
        "x-ms-date": "Wed, 02 Jun 2021 20:30:17 GMT",
        "x-ms-return-client-request-id": "true",
        "x-ms-version": "2019-02-02"
      },
      "RequestBody": {
        "PropertyRename": "foo",
        "SomeInternalPropertyWithDataMember": "foo2",
        "PartitionKey": "partition",
        "RowKey": "1"
      },
      "StatusCode": 204,
      "ResponseHeaders": {
        "Cache-Control": "no-cache",
        "Content-Length": "0",
        "DataServiceId": "https://chrisstablesprim.table.core.windows.net/testtableunqjz846(PartitionKey=\u0027partition\u0027,RowKey=\u00271\u0027)",
        "Date": "Wed, 02 Jun 2021 20:30:17 GMT",
        "ETag": "W/\u0022datetime\u00272021-06-02T20%3A30%3A17.6321684Z\u0027\u0022",
        "Location": "https://chrisstablesprim.table.core.windows.net/testtableunqjz846(PartitionKey=\u0027partition\u0027,RowKey=\u00271\u0027)",
        "Preference-Applied": "return-no-content",
        "Server": [
          "Windows-Azure-Table/1.0",
          "Microsoft-HTTPAPI/2.0"
        ],
        "X-Content-Type-Options": "nosniff",
        "x-ms-client-request-id": "b274b0b37feebda9fd8d3f8d3f0231ec",
        "x-ms-request-id": "3ec29160-9002-0003-43ee-57d570000000",
        "x-ms-version": "2019-02-02"
      },
      "ResponseBody": []
    },
    {
      "RequestUri": "https://chrisstablesprim.table.core.windows.net/testtableunqjz846()?$format=application%2Fjson%3Bodata%3Dminimalmetadata",
      "RequestMethod": "GET",
      "RequestHeaders": {
        "Accept": "application/json; odata=minimalmetadata",
        "Authorization": "Sanitized",
        "DataServiceVersion": "3.0",
        "traceparent": "00-4606c835b3da8546a18dbeb1a2e61fe3-0b1e78a622a65d44-00",
        "User-Agent": [
          "azsdk-net-Data.Tables/12.0.0-alpha.20210602.1",
          "(.NET 5.0.6; Microsoft Windows 10.0.19043)"
        ],
        "x-ms-client-request-id": "10779ea56fbc4bda9d80a2542285671f",
        "x-ms-date": "Wed, 02 Jun 2021 20:30:17 GMT",
        "x-ms-return-client-request-id": "true",
        "x-ms-version": "2019-02-02"
      },
      "RequestBody": null,
      "StatusCode": 200,
      "ResponseHeaders": {
        "Cache-Control": "no-cache",
        "Content-Type": "application/json; odata=minimalmetadata; streaming=true; charset=utf-8",
        "Date": "Wed, 02 Jun 2021 20:30:17 GMT",
        "Server": [
          "Windows-Azure-Table/1.0",
          "Microsoft-HTTPAPI/2.0"
        ],
        "Transfer-Encoding": "chunked",
        "X-Content-Type-Options": "nosniff",
        "x-ms-client-request-id": "10779ea56fbc4bda9d80a2542285671f",
        "x-ms-request-id": "3ec2916e-9002-0003-4fee-57d570000000",
        "x-ms-version": "2019-02-02"
      },
      "ResponseBody": {
        "odata.metadata": "https://chrisstablesprim.table.core.windows.net/$metadata#testtableunqjz846",
        "value": [
          {
            "odata.etag": "W/\u0022datetime\u00272021-06-02T20%3A30%3A17.6321684Z\u0027\u0022",
            "PartitionKey": "partition",
            "RowKey": "1",
            "Timestamp": "2021-06-02T20:30:17.6321684Z",
            "PropertyRename": "foo",
            "SomeInternalPropertyWithDataMember": "foo2"
          }
        ]
      }
    },
    {
      "RequestUri": "https://chrisstablesprim.table.core.windows.net/Tables(\u0027testtableunqjz846\u0027)",
      "RequestMethod": "DELETE",
      "RequestHeaders": {
        "Accept": "application/json",
        "Authorization": "Sanitized",
        "traceparent": "00-99c97019dc151243bd7862277cb6d7f8-3b2ed63afe5bd549-00",
        "User-Agent": [
          "azsdk-net-Data.Tables/12.0.0-alpha.20210602.1",
          "(.NET 5.0.6; Microsoft Windows 10.0.19043)"
        ],
        "x-ms-client-request-id": "4d700d0bc092066dc9d4d3a7f1a8db62",
        "x-ms-date": "Wed, 02 Jun 2021 20:30:17 GMT",
        "x-ms-return-client-request-id": "true",
        "x-ms-version": "2019-02-02"
      },
      "RequestBody": null,
      "StatusCode": 204,
      "ResponseHeaders": {
        "Cache-Control": "no-cache",
        "Content-Length": "0",
        "Date": "Wed, 02 Jun 2021 20:30:17 GMT",
        "Server": [
          "Windows-Azure-Table/1.0",
          "Microsoft-HTTPAPI/2.0"
        ],
        "X-Content-Type-Options": "nosniff",
        "x-ms-client-request-id": "4d700d0bc092066dc9d4d3a7f1a8db62",
        "x-ms-request-id": "3ec29181-9002-0003-5dee-57d570000000",
        "x-ms-version": "2019-02-02"
      },
      "ResponseBody": []
    }
  ],
  "Variables": {
    "RandomSeed": "328864594",
    "STORAGE_ENDPOINT_SUFFIX": "core.windows.net",
    "TABLES_PRIMARY_STORAGE_ACCOUNT_KEY": "Kg==",
    "TABLES_STORAGE_ACCOUNT_NAME": "chrisstablesprim"
  }
}